Logging in as Employee...
Logged in as: Dhanush Tamilarasan UPDATED AGAIN (ID: 1 )

Test: Updating OWN documents...
Own Update Result: { message: 'Employee updated successfully' }

Test: Updating OWN salary (restricted)...
Salary Update Result: { message: 'Employee updated successfully' }

Test: Updating ANOTHER employee...
Other Update Result: { message: 'Access denied: You can only update your own record' }
